package: name='com.simplereader.app' versionCode='2098000584' versionName='2026.07.31.group-selection-actions.584' platformBuildVersionName='15' platformBuildVersionCode='35' compileSdkVersion='35' compileSdkVersionCodename='15'
minSdkVersion:'26'
targetSdkVersion:'35'
uses-permission: name='android.permission.WRITE_SETTINGS'
uses-permission: name='android.permission.WAKE_LOCK'
uses-permission: name='android.permission.ACCESS_NETWORK_STATE'
uses-permission: name='android.permission.RECEIVE_BOOT_COMPLETED'
uses-permission: name='android.permission.FOREGROUND_SERVICE'
uses-permission: name='com.simplereader.app.DYNAMIC_RECEIVER_NOT_EXPORTED_PERMISSION'
application-label:'简阅'
application-label-af:'简阅'
application-label-am:'简阅'
application-label-ar:'简阅'
application-label-as:'简阅'
application-label-az:'简阅'
application-label-be:'简阅'
application-label-bg:'简阅'
application-label-bn:'简阅'
application-label-bs:'简阅'
application-label-ca:'简阅'
application-label-cs:'简阅'
application-label-da:'简阅'
application-label-de:'简阅'
application-label-el:'简阅'
application-label-en-AU:'简阅'
application-label-en-CA:'简阅'
application-label-en-GB:'简阅'
application-label-en-IN:'简阅'
application-label-en-XC:'简阅'
application-label-es:'简阅'
application-label-es-419:'简阅'
application-label-es-US:'简阅'
application-label-et:'简阅'
application-label-eu:'简阅'
application-label-fa:'简阅'
application-label-fi:'简阅'
application-label-fr:'简阅'
application-label-fr-CA:'简阅'
application-label-gl:'简阅'
application-label-gu:'简阅'
application-label-hi:'简阅'
application-label-hr:'简阅'
application-label-hu:'简阅'
application-label-hy:'简阅'
application-label-in:'简阅'
application-label-is:'简阅'
application-label-it:'简阅'
application-label-iw:'简阅'
application-label-ja:'简阅'
application-label-ka:'简阅'
application-label-kk:'简阅'
application-label-km:'简阅'
application-label-kn:'简阅'
application-label-ko:'简阅'
application-label-ky:'简阅'
application-label-lo:'简阅'
application-label-lt:'简阅'
application-label-lv:'简阅'
application-label-mk:'简阅'
application-label-ml:'简阅'
application-label-mn:'简阅'
application-label-mr:'简阅'
application-label-ms:'简阅'
application-label-my:'简阅'
application-label-nb:'简阅'
application-label-ne:'简阅'
application-label-nl:'简阅'
application-label-or:'简阅'
application-label-pa:'简阅'
application-label-pl:'简阅'
application-label-pt:'简阅'
application-label-pt-BR:'简阅'
application-label-pt-PT:'简阅'
application-label-ro:'简阅'
application-label-ru:'简阅'
application-label-si:'简阅'
application-label-sk:'简阅'
application-label-sl:'简阅'
application-label-sq:'简阅'
application-label-sr:'简阅'
application-label-sr-Latn:'简阅'
application-label-sv:'简阅'
application-label-sw:'简阅'
application-label-ta:'简阅'
application-label-te:'简阅'
application-label-th:'简阅'
application-label-tl:'简阅'
application-label-tr:'简阅'
application-label-uk:'简阅'
application-label-ur:'简阅'
application-label-uz:'简阅'
application-label-vi:'简阅'
application-label-zh-CN:'简阅'
application-label-zh-HK:'简阅'
application-label-zh-TW:'简阅'
application-label-zu:'简阅'
application-icon-120:'res/BW.xml'
application-icon-160:'res/BW.xml'
application-icon-240:'res/BW.xml'
application-icon-320:'res/BW.xml'
application-icon-480:'res/BW.xml'
application-icon-640:'res/BW.xml'
application-icon-65534:'res/BW.xml'
application: label='简阅' icon='res/BW.xml'
launchable-activity: name='com.simplereader.app.ui.MainActivity'  label='' icon=''
feature-group: label=''
  uses-feature: name='android.hardware.faketouch'
  uses-implied-feature: name='android.hardware.faketouch' reason='default feature for all apps'
main
other-activities
other-receivers
other-services
supports-screens: 'small' 'normal' 'large' 'xlarge'
supports-any-density: 'true'
locales: '--_--' 'af' 'am' 'ar' 'as' 'az' 'be' 'bg' 'bn' 'bs' 'ca' 'cs' 'da' 'de' 'el' 'en-AU' 'en-CA' 'en-GB' 'en-IN' 'en-XC' 'es' 'es-419' 'es-US' 'et' 'eu' 'fa' 'fi' 'fr' 'fr-CA' 'gl' 'gu' 'hi' 'hr' 'hu' 'hy' 'in' 'is' 'it' 'iw' 'ja' 'ka' 'kk' 'km' 'kn' 'ko' 'ky' 'lo' 'lt' 'lv' 'mk' 'ml' 'mn' 'mr' 'ms' 'my' 'nb' 'ne' 'nl' 'or' 'pa' 'pl' 'pt' 'pt-BR' 'pt-PT' 'ro' 'ru' 'si' 'sk' 'sl' 'sq' 'sr' 'sr-Latn' 'sv' 'sw' 'ta' 'te' 'th' 'tl' 'tr' 'uk' 'ur' 'uz' 'vi' 'zh-CN' 'zh-HK' 'zh-TW' 'zu'
densities: '120' '160' '240' '320' '480' '640' '65534'
